// Jest Snapshot v1, https://goo.gl/fbAQLP

exports[`Product Card Render default ProductCard Renders ProductCard 1`] = `
Object {
  "asFragment": [Function],
  "baseElement": <body>
    <div>
      <div
        class="sample"
        data-testid="p-card"
        id="Ex2ods"
      >
        <img
          alt="A flavor wheel for green tea."
          height="100px"
          src="flavor-wheel.png"
          width="100px"
        />
        <p
          data-testid="p-name"
        >
          Example Product
           Lexicon
        </p>
        <p
          data-testid="p-cost"
        >
          $100
        </p>
        <div
          class="p-qty-container"
        >
          <button
            class="qty-adjuster"
            id="Ex2ods"
          >
            -
          </button>
          <input
            class="qty"
            id="Ex2ods"
            placeholder="0"
          />
          <button
            class="qty-adjuster"
            id="Ex2ods"
          >
            +
          </button>
        </div>
        <button
          class="add"
          id="Ex2ods"
        >
          ADD
        </button>
      </div>
    </div>
  </body>,
  "container": <div>
    <div
      class="sample"
      data-testid="p-card"
      id="Ex2ods"
    >
      <img
        alt="A flavor wheel for green tea."
        height="100px"
        src="flavor-wheel.png"
        width="100px"
      />
      <p
        data-testid="p-name"
      >
        Example Product
         Lexicon
      </p>
      <p
        data-testid="p-cost"
      >
        $100
      </p>
      <div
        class="p-qty-container"
      >
        <button
          class="qty-adjuster"
          id="Ex2ods"
        >
          -
        </button>
        <input
          class="qty"
          id="Ex2ods"
          placeholder="0"
        />
        <button
          class="qty-adjuster"
          id="Ex2ods"
        >
          +
        </button>
      </div>
      <button
        class="add"
        id="Ex2ods"
      >
        ADD
      </button>
    </div>
  </div>,
  "debug": [Function],
  "findAllByAltText": [Function],
  "findAllByDisplayValue": [Function],
  "findAllByLabelText": [Function],
  "findAllByPlaceholderText": [Function],
  "findAllByRole": [Function],
  "findAllByTestId": [Function],
  "findAllByText": [Function],
  "findAllByTitle": [Function],
  "findByAltText": [Function],
  "findByDisplayValue": [Function],
  "findByLabelText": [Function],
  "findByPlaceholderText": [Function],
  "findByRole": [Function],
  "findByTestId": [Function],
  "findByText": [Function],
  "findByTitle": [Function],
  "getAllByAltText": [Function],
  "getAllByDisplayValue": [Function],
  "getAllByLabelText": [Function],
  "getAllByPlaceholderText": [Function],
  "getAllByRole": [Function],
  "getAllByTestId": [Function],
  "getAllByText": [Function],
  "getAllByTitle": [Function],
  "getByAltText": [Function],
  "getByDisplayValue": [Function],
  "getByLabelText": [Function],
  "getByPlaceholderText": [Function],
  "getByRole": [Function],
  "getByTestId": [Function],
  "getByText": [Function],
  "getByTitle": [Function],
  "queryAllByAltText": [Function],
  "queryAllByDisplayValue": [Function],
  "queryAllByLabelText": [Function],
  "queryAllByPlaceholderText": [Function],
  "queryAllByRole": [Function],
  "queryAllByTestId": [Function],
  "queryAllByText": [Function],
  "queryAllByTitle": [Function],
  "queryByAltText": [Function],
  "queryByDisplayValue": [Function],
  "queryByLabelText": [Function],
  "queryByPlaceholderText": [Function],
  "queryByRole": [Function],
  "queryByTestId": [Function],
  "queryByText": [Function],
  "queryByTitle": [Function],
  "rerender": [Function],
  "unmount": [Function],
}
`;
